<?xml version="1.0" encoding="utf-8" ?>
<result>
	<row>
		<idSite>1</idSite>
		<idVisit>2</idVisit>
		<visitIp>156.5.3.2</visitIp>
		
		<fingerprint>e16cf2bbaeea2c88</fingerprint>
		<actionDetails>
			<row>
				<type>action</type>
				<url>http://example.org/my/dir/page-2</url>
				<pageTitle>incredible title -2</pageTitle>
				<pageIdAction>4</pageIdAction>
				
				
				<pageId>2</pageId>
				<bandwidth />
				<timeSpent>0</timeSpent>
				<timeSpentPretty>0s</timeSpentPretty>
				<interactionPosition>1</interactionPosition>
				<title>incredible title -2</title>
				<subtitle>http://example.org/my/dir/page-2</subtitle>
				<icon />
				<iconSVG>plugins/Morpheus/images/action.svg</iconSVG>
				
				<bandwidth_pretty>0 M</bandwidth_pretty>
			</row>
			<row>
				<type>action</type>
				<url>http://example.org/my/dir/page-2</url>
				<pageTitle>incredible title 1</pageTitle>
				<pageIdAction>4</pageIdAction>
				
				
				<pageId>3</pageId>
				<bandwidth />
				<timeSpent>0</timeSpent>
				<timeSpentPretty>0s</timeSpentPretty>
				<interactionPosition>2</interactionPosition>
				<title>incredible title 1</title>
				<subtitle>http://example.org/my/dir/page-2</subtitle>
				<icon />
				<iconSVG>plugins/Morpheus/images/action.svg</iconSVG>
				
				<bandwidth_pretty>0 M</bandwidth_pretty>
			</row>
			<row>
				<type>action</type>
				<url>http://example.org/my/dir/page-2</url>
				<pageTitle>incredible title 1</pageTitle>
				<pageIdAction>4</pageIdAction>
				
				
				<pageId>4</pageId>
				<bandwidth />
				<timeSpent>0</timeSpent>
				<timeSpentPretty>0s</timeSpentPretty>
				<interactionPosition>3</interactionPosition>
				<title>incredible title 1</title>
				<subtitle>http://example.org/my/dir/page-2</subtitle>
				<icon />
				<iconSVG>plugins/Morpheus/images/action.svg</iconSVG>
				
				<bandwidth_pretty>0 M</bandwidth_pretty>
			</row>
			<row>
				<type>action</type>
				<url>http://example.org/my/dir/page-2</url>
				<pageTitle>incredible title 1</pageTitle>
				<pageIdAction>4</pageIdAction>
				
				
				<pageId>5</pageId>
				<bandwidth />
				<timeSpent>0</timeSpent>
				<timeSpentPretty>0s</timeSpentPretty>
				<interactionPosition>4</interactionPosition>
				<title>incredible title 1</title>
				<subtitle>http://example.org/my/dir/page-2</subtitle>
				<icon />
				<iconSVG>plugins/Morpheus/images/action.svg</iconSVG>
				
				<bandwidth_pretty>0 M</bandwidth_pretty>
			</row>
			<row>
				<type>action</type>
				<url>http://example.org/my/dir/page-2</url>
				<pageTitle>incredible title 1</pageTitle>
				<pageIdAction>4</pageIdAction>
				
				
				<pageId>6</pageId>
				<bandwidth />
				<timeSpent>0</timeSpent>
				<timeSpentPretty>0s</timeSpentPretty>
				<interactionPosition>5</interactionPosition>
				<title>incredible title 1</title>
				<subtitle>http://example.org/my/dir/page-2</subtitle>
				<icon />
				<iconSVG>plugins/Morpheus/images/action.svg</iconSVG>
				
				<bandwidth_pretty>0 M</bandwidth_pretty>
			</row>
			<row>
				<type>action</type>
				<url>http://example.org/my/dir/page-2</url>
				<pageTitle>incredible title 1</pageTitle>
				<pageIdAction>4</pageIdAction>
				
				
				<pageId>7</pageId>
				<bandwidth />
				<timeSpent>0</timeSpent>
				<timeSpentPretty>0s</timeSpentPretty>
				<interactionPosition>6</interactionPosition>
				<title>incredible title 1</title>
				<subtitle>http://example.org/my/dir/page-2</subtitle>
				<icon />
				<iconSVG>plugins/Morpheus/images/action.svg</iconSVG>
				
				<bandwidth_pretty>0 M</bandwidth_pretty>
			</row>
			<row>
				<type>action</type>
				<url>http://example.org/my/dir/page-2</url>
				<pageTitle>incredible title 1</pageTitle>
				<pageIdAction>4</pageIdAction>
				
				
				<pageId>8</pageId>
				<bandwidth />
				<timeSpent>0</timeSpent>
				<timeSpentPretty>0s</timeSpentPretty>
				<interactionPosition>7</interactionPosition>
				<title>incredible title 1</title>
				<subtitle>http://example.org/my/dir/page-2</subtitle>
				<icon />
				<iconSVG>plugins/Morpheus/images/action.svg</iconSVG>
				
				<bandwidth_pretty>0 M</bandwidth_pretty>
			</row>
			<row>
				<type>action</type>
				<url>http://example.org/my/dir/page-2</url>
				<pageTitle>incredible title 1</pageTitle>
				<pageIdAction>4</pageIdAction>
				
				
				<pageId>9</pageId>
				<bandwidth />
				<timeSpent>0</timeSpent>
				<timeSpentPretty>0s</timeSpentPretty>
				<interactionPosition>8</interactionPosition>
				<title>incredible title 1</title>
				<subtitle>http://example.org/my/dir/page-2</subtitle>
				<icon />
				<iconSVG>plugins/Morpheus/images/action.svg</iconSVG>
				
				<bandwidth_pretty>0 M</bandwidth_pretty>
			</row>
			<row>
				<type>action</type>
				<url>http://example.org/my/dir/page-2</url>
				<pageTitle>incredible title 1</pageTitle>
				<pageIdAction>4</pageIdAction>
				
				
				<pageId>10</pageId>
				<bandwidth />
				<timeSpent>0</timeSpent>
				<timeSpentPretty>0s</timeSpentPretty>
				<interactionPosition>9</interactionPosition>
				<title>incredible title 1</title>
				<subtitle>http://example.org/my/dir/page-2</subtitle>
				<icon />
				<iconSVG>plugins/Morpheus/images/action.svg</iconSVG>
				
				<bandwidth_pretty>0 M</bandwidth_pretty>
			</row>
			<row>
				<type>action</type>
				<url>http://example.org/my/dir/page-2</url>
				<pageTitle>incredible title 1</pageTitle>
				<pageIdAction>4</pageIdAction>
				
				
				<pageId>11</pageId>
				<bandwidth />
				<timeSpent>0</timeSpent>
				<timeSpentPretty>0s</timeSpentPretty>
				<interactionPosition>10</interactionPosition>
				<title>incredible title 1</title>
				<subtitle>http://example.org/my/dir/page-2</subtitle>
				<icon />
				<iconSVG>plugins/Morpheus/images/action.svg</iconSVG>
				
				<bandwidth_pretty>0 M</bandwidth_pretty>
			</row>
			<row>
				<type>action</type>
				<url>http://example.org/my/dir/page-2</url>
				<pageTitle>incredible title 1</pageTitle>
				<pageIdAction>4</pageIdAction>
				
				
				<pageId>12</pageId>
				<bandwidth />
				<interactionPosition>11</interactionPosition>
				<title>incredible title 1</title>
				<subtitle>http://example.org/my/dir/page-2</subtitle>
				<icon />
				<iconSVG>plugins/Morpheus/images/action.svg</iconSVG>
				
				<bandwidth_pretty>0 M</bandwidth_pretty>
			</row>
		</actionDetails>
		<goalConversions>0</goalConversions>
		<siteCurrency>USD</siteCurrency>
		<siteCurrencySymbol>$</siteCurrencySymbol>
		
		
		
		
		<siteName>Piwik test</siteName>
		
		
		
		
		
		
		<userId />
		<visitorType>new</visitorType>
		<visitorTypeIcon />
		<visitConverted>0</visitConverted>
		<visitConvertedIcon />
		<visitCount>1</visitCount>
		<visitEcommerceStatus>none</visitEcommerceStatus>
		<visitEcommerceStatusIcon />
		<daysSinceFirstVisit>0</daysSinceFirstVisit>
		<daysSinceLastEcommerceOrder>0</daysSinceLastEcommerceOrder>
		<visitDuration>1</visitDuration>
		<visitDurationPretty>1s</visitDurationPretty>
		<searches>0</searches>
		<actions>11</actions>
		<interactions>11</interactions>
		<referrerType>direct</referrerType>
		<referrerTypeName>Direct Entry</referrerTypeName>
		<referrerName />
		<referrerKeyword />
		<referrerKeywordPosition />
		<referrerUrl />
		<referrerSearchEngineUrl />
		<referrerSearchEngineIcon />
		<referrerSocialNetworkUrl />
		<referrerSocialNetworkIcon />
		<languageCode>fr</languageCode>
		<language>French</language>
		<deviceType>Desktop</deviceType>
		<deviceTypeIcon>plugins/Morpheus/icons/dist/devices/desktop.png</deviceTypeIcon>
		<deviceBrand>Unknown</deviceBrand>
		<deviceModel>Generic Desktop</deviceModel>
		<operatingSystem>Windows XP</operatingSystem>
		<operatingSystemName>Windows</operatingSystemName>
		<operatingSystemIcon>plugins/Morpheus/icons/dist/os/WIN.png</operatingSystemIcon>
		<operatingSystemCode>WIN</operatingSystemCode>
		<operatingSystemVersion>XP</operatingSystemVersion>
		<browserFamily>Gecko</browserFamily>
		<browserFamilyDescription>Gecko (Firefox)</browserFamilyDescription>
		<browser>Firefox 3.6</browser>
		<browserName>Firefox</browserName>
		<browserIcon>plugins/Morpheus/icons/dist/browsers/FF.png</browserIcon>
		<browserCode>FF</browserCode>
		<browserVersion>3.6</browserVersion>
		<totalEcommerceRevenue>0</totalEcommerceRevenue>
		<totalEcommerceConversions>0</totalEcommerceConversions>
		<totalEcommerceItems>0</totalEcommerceItems>
		<totalAbandonedCartsRevenue>0</totalAbandonedCartsRevenue>
		<totalAbandonedCarts>0</totalAbandonedCarts>
		<totalAbandonedCartsItems>0</totalAbandonedCartsItems>
		<events>0</events>
		<continent>Europe</continent>
		<continentCode>eur</continentCode>
		<country>France</country>
		<countryCode>fr</countryCode>
		<countryFlag>plugins/Morpheus/icons/dist/flags/fr.png</countryFlag>
		<region />
		<regionCode />
		<city />
		<location>France</location>
		<latitude />
		<longitude />
		<visitLocalTime>12:34:06</visitLocalTime>
		<visitLocalHour>12</visitLocalHour>
		<daysSinceLastVisit>0</daysSinceLastVisit>
		<customVariables>
		</customVariables>
		<resolution>1024x768</resolution>
		<plugins>cookie, flash, java</plugins>
		<pluginsIcons>
			<row>
				<pluginIcon>plugins/Morpheus/icons/dist/plugins/cookie.png</pluginIcon>
				<pluginName>cookie</pluginName>
			</row>
			<row>
				<pluginIcon>plugins/Morpheus/icons/dist/plugins/flash.png</pluginIcon>
				<pluginName>flash</pluginName>
			</row>
			<row>
				<pluginIcon>plugins/Morpheus/icons/dist/plugins/java.png</pluginIcon>
				<pluginName>java</pluginName>
			</row>
		</pluginsIcons>
	</row>
	<row>
		<idSite>1</idSite>
		<idVisit>3</idVisit>
		<visitIp>156.5.3.2</visitIp>
		
		<fingerprint>5041e282fc23fef1</fingerprint>
		<actionDetails>
			<row>
				<type>action</type>
				<url>http://example.org/my/dir/page-1</url>
				<pageTitle>incredible title -1</pageTitle>
				<pageIdAction>7</pageIdAction>
				
				
				<pageId>13</pageId>
				<bandwidth />
				<interactionPosition>1</interactionPosition>
				<title>incredible title -1</title>
				<subtitle>http://example.org/my/dir/page-1</subtitle>
				<icon />
				<iconSVG>plugins/Morpheus/images/action.svg</iconSVG>
				
				<bandwidth_pretty>0 M</bandwidth_pretty>
			</row>
		</actionDetails>
		<goalConversions>0</goalConversions>
		<siteCurrency>USD</siteCurrency>
		<siteCurrencySymbol>$</siteCurrencySymbol>
		
		
		
		
		<siteName>Piwik test</siteName>
		
		
		
		
		
		
		<userId />
		<visitorType>returning</visitorType>
		<visitorTypeIcon>plugins/Live/images/returningVisitor.png</visitorTypeIcon>
		<visitConverted>0</visitConverted>
		<visitConvertedIcon />
		<visitCount>1</visitCount>
		<visitEcommerceStatus>none</visitEcommerceStatus>
		<visitEcommerceStatusIcon />
		<daysSinceFirstVisit>0</daysSinceFirstVisit>
		<daysSinceLastEcommerceOrder>0</daysSinceLastEcommerceOrder>
		<visitDuration>0</visitDuration>
		<visitDurationPretty>0s</visitDurationPretty>
		<searches>0</searches>
		<actions>1</actions>
		<interactions>1</interactions>
		<referrerType>direct</referrerType>
		<referrerTypeName>Direct Entry</referrerTypeName>
		<referrerName />
		<referrerKeyword />
		<referrerKeywordPosition />
		<referrerUrl />
		<referrerSearchEngineUrl />
		<referrerSearchEngineIcon />
		<referrerSocialNetworkUrl />
		<referrerSocialNetworkIcon />
		<languageCode />
		<language>Unknown</language>
		<deviceType>Unknown</deviceType>
		<deviceTypeIcon>plugins/Morpheus/icons/dist/devices/unknown.png</deviceTypeIcon>
		<deviceBrand>Unknown</deviceBrand>
		<deviceModel>Unknown</deviceModel>
		<operatingSystem>Unknown</operatingSystem>
		<operatingSystemName>Unknown</operatingSystemName>
		<operatingSystemIcon>plugins/Morpheus/icons/dist/os/UNK.png</operatingSystemIcon>
		<operatingSystemCode>UNK</operatingSystemCode>
		<operatingSystemVersion>UNK</operatingSystemVersion>
		<browserFamily />
		<browserFamilyDescription>Unknown</browserFamilyDescription>
		<browser>Unknown</browser>
		<browserName>Unknown</browserName>
		<browserIcon>plugins/Morpheus/icons/dist/browsers/UNK.png</browserIcon>
		<browserCode>UNK</browserCode>
		<browserVersion />
		<totalEcommerceRevenue>0</totalEcommerceRevenue>
		<totalEcommerceConversions>0</totalEcommerceConversions>
		<totalEcommerceItems>0</totalEcommerceItems>
		<totalAbandonedCartsRevenue>0</totalAbandonedCartsRevenue>
		<totalAbandonedCarts>0</totalAbandonedCarts>
		<totalAbandonedCartsItems>0</totalAbandonedCartsItems>
		<events>0</events>
		<continent>Unknown</continent>
		<continentCode>unk</continentCode>
		<country>Unknown</country>
		<countryCode>xx</countryCode>
		<countryFlag>plugins/Morpheus/icons/dist/flags/xx.png</countryFlag>
		<region />
		<regionCode />
		<city />
		<location>Unknown</location>
		<latitude />
		<longitude />
		<visitLocalTime>12:34:06</visitLocalTime>
		<visitLocalHour>12</visitLocalHour>
		<daysSinceLastVisit>0</daysSinceLastVisit>
		<customVariables>
		</customVariables>
		<resolution>1024x768</resolution>
		<plugins>cookie, flash, java</plugins>
		<pluginsIcons>
			<row>
				<pluginIcon>plugins/Morpheus/icons/dist/plugins/cookie.png</pluginIcon>
				<pluginName>cookie</pluginName>
			</row>
			<row>
				<pluginIcon>plugins/Morpheus/icons/dist/plugins/flash.png</pluginIcon>
				<pluginName>flash</pluginName>
			</row>
			<row>
				<pluginIcon>plugins/Morpheus/icons/dist/plugins/java.png</pluginIcon>
				<pluginName>java</pluginName>
			</row>
		</pluginsIcons>
	</row>
</result>