<?xml version="1.0" encoding="utf-8" ?>
<result>
	<nb_visits>25</nb_visits>
	<nb_actions>85</nb_actions>
	<nb_visits_converted>25</nb_visits_converted>
	<bounce_count>8</bounce_count>
	<sum_visit_length>27579</sum_visit_length>
	<max_actions>5</max_actions>
	<bounce_rate>32%</bounce_rate>
	<nb_actions_per_visit>3.4</nb_actions_per_visit>
	<avg_time_on_site>1103</avg_time_on_site>
</result>