<?xml version="1.0" encoding="utf-8" ?>
<results>
	<result date="2009-01-04">
		<Referrers_visitorsFromSearchEngines>0</Referrers_visitorsFromSearchEngines>
		<Referrers_visitorsFromSocialNetworks>0</Referrers_visitorsFromSocialNetworks>
		<Referrers_visitorsFromDirectEntry>0</Referrers_visitorsFromDirectEntry>
		<Referrers_visitorsFromWebsites>0</Referrers_visitorsFromWebsites>
		<Referrers_visitorsFromCampaigns>0</Referrers_visitorsFromCampaigns>
		<Referrers_visitorsFromDirectEntry_percent>0%</Referrers_visitorsFromDirectEntry_percent>
		<Referrers_visitorsFromSearchEngines_percent>0%</Referrers_visitorsFromSearchEngines_percent>
		<Referrers_visitorsFromCampaigns_percent>0%</Referrers_visitorsFromCampaigns_percent>
		<Referrers_visitorsFromSocialNetworks_percent>0%</Referrers_visitorsFromSocialNetworks_percent>
		<Referrers_visitorsFromWebsites_percent>0%</Referrers_visitorsFromWebsites_percent>
	</result>
	<result date="2009-01-05">
		<Referrers_visitorsFromSearchEngines>0</Referrers_visitorsFromSearchEngines>
		<Referrers_visitorsFromSocialNetworks>0</Referrers_visitorsFromSocialNetworks>
		<Referrers_visitorsFromDirectEntry>0</Referrers_visitorsFromDirectEntry>
		<Referrers_visitorsFromWebsites>0</Referrers_visitorsFromWebsites>
		<Referrers_visitorsFromCampaigns>0</Referrers_visitorsFromCampaigns>
		<Referrers_visitorsFromDirectEntry_percent>0%</Referrers_visitorsFromDirectEntry_percent>
		<Referrers_visitorsFromSearchEngines_percent>0%</Referrers_visitorsFromSearchEngines_percent>
		<Referrers_visitorsFromCampaigns_percent>0%</Referrers_visitorsFromCampaigns_percent>
		<Referrers_visitorsFromSocialNetworks_percent>0%</Referrers_visitorsFromSocialNetworks_percent>
		<Referrers_visitorsFromWebsites_percent>0%</Referrers_visitorsFromWebsites_percent>
	</result>
	<result date="2009-01-06">
		<Referrers_visitorsFromSearchEngines>0</Referrers_visitorsFromSearchEngines>
		<Referrers_visitorsFromSocialNetworks>0</Referrers_visitorsFromSocialNetworks>
		<Referrers_visitorsFromDirectEntry>0</Referrers_visitorsFromDirectEntry>
		<Referrers_visitorsFromWebsites>0</Referrers_visitorsFromWebsites>
		<Referrers_visitorsFromCampaigns>0</Referrers_visitorsFromCampaigns>
		<Referrers_visitorsFromDirectEntry_percent>0%</Referrers_visitorsFromDirectEntry_percent>
		<Referrers_visitorsFromSearchEngines_percent>0%</Referrers_visitorsFromSearchEngines_percent>
		<Referrers_visitorsFromCampaigns_percent>0%</Referrers_visitorsFromCampaigns_percent>
		<Referrers_visitorsFromSocialNetworks_percent>0%</Referrers_visitorsFromSocialNetworks_percent>
		<Referrers_visitorsFromWebsites_percent>0%</Referrers_visitorsFromWebsites_percent>
	</result>
	<result date="2009-01-07">
		<Referrers_visitorsFromSearchEngines>0</Referrers_visitorsFromSearchEngines>
		<Referrers_visitorsFromSocialNetworks>0</Referrers_visitorsFromSocialNetworks>
		<Referrers_visitorsFromDirectEntry>0</Referrers_visitorsFromDirectEntry>
		<Referrers_visitorsFromWebsites>0</Referrers_visitorsFromWebsites>
		<Referrers_visitorsFromCampaigns>0</Referrers_visitorsFromCampaigns>
		<Referrers_visitorsFromDirectEntry_percent>0%</Referrers_visitorsFromDirectEntry_percent>
		<Referrers_visitorsFromSearchEngines_percent>0%</Referrers_visitorsFromSearchEngines_percent>
		<Referrers_visitorsFromCampaigns_percent>0%</Referrers_visitorsFromCampaigns_percent>
		<Referrers_visitorsFromSocialNetworks_percent>0%</Referrers_visitorsFromSocialNetworks_percent>
		<Referrers_visitorsFromWebsites_percent>0%</Referrers_visitorsFromWebsites_percent>
	</result>
	<result date="2009-01-08">
		<Referrers_visitorsFromSearchEngines>0</Referrers_visitorsFromSearchEngines>
		<Referrers_visitorsFromSocialNetworks>0</Referrers_visitorsFromSocialNetworks>
		<Referrers_visitorsFromDirectEntry>0</Referrers_visitorsFromDirectEntry>
		<Referrers_visitorsFromWebsites>0</Referrers_visitorsFromWebsites>
		<Referrers_visitorsFromCampaigns>0</Referrers_visitorsFromCampaigns>
		<Referrers_visitorsFromDirectEntry_percent>0%</Referrers_visitorsFromDirectEntry_percent>
		<Referrers_visitorsFromSearchEngines_percent>0%</Referrers_visitorsFromSearchEngines_percent>
		<Referrers_visitorsFromCampaigns_percent>0%</Referrers_visitorsFromCampaigns_percent>
		<Referrers_visitorsFromSocialNetworks_percent>0%</Referrers_visitorsFromSocialNetworks_percent>
		<Referrers_visitorsFromWebsites_percent>0%</Referrers_visitorsFromWebsites_percent>
	</result>
	<result date="2009-01-09">
		<Referrers_visitorsFromSearchEngines>0</Referrers_visitorsFromSearchEngines>
		<Referrers_visitorsFromSocialNetworks>0</Referrers_visitorsFromSocialNetworks>
		<Referrers_visitorsFromDirectEntry>0</Referrers_visitorsFromDirectEntry>
		<Referrers_visitorsFromWebsites>0</Referrers_visitorsFromWebsites>
		<Referrers_visitorsFromCampaigns>0</Referrers_visitorsFromCampaigns>
		<Referrers_visitorsFromDirectEntry_percent>0%</Referrers_visitorsFromDirectEntry_percent>
		<Referrers_visitorsFromSearchEngines_percent>0%</Referrers_visitorsFromSearchEngines_percent>
		<Referrers_visitorsFromCampaigns_percent>0%</Referrers_visitorsFromCampaigns_percent>
		<Referrers_visitorsFromSocialNetworks_percent>0%</Referrers_visitorsFromSocialNetworks_percent>
		<Referrers_visitorsFromWebsites_percent>0%</Referrers_visitorsFromWebsites_percent>
	</result>
	<result date="2009-01-10">
		<Referrers_visitorsFromSearchEngines>0</Referrers_visitorsFromSearchEngines>
		<Referrers_visitorsFromSocialNetworks>0</Referrers_visitorsFromSocialNetworks>
		<Referrers_visitorsFromDirectEntry>0</Referrers_visitorsFromDirectEntry>
		<Referrers_visitorsFromWebsites>0</Referrers_visitorsFromWebsites>
		<Referrers_visitorsFromCampaigns>0</Referrers_visitorsFromCampaigns>
		<Referrers_visitorsFromDirectEntry_percent>0%</Referrers_visitorsFromDirectEntry_percent>
		<Referrers_visitorsFromSearchEngines_percent>0%</Referrers_visitorsFromSearchEngines_percent>
		<Referrers_visitorsFromCampaigns_percent>0%</Referrers_visitorsFromCampaigns_percent>
		<Referrers_visitorsFromSocialNetworks_percent>0%</Referrers_visitorsFromSocialNetworks_percent>
		<Referrers_visitorsFromWebsites_percent>0%</Referrers_visitorsFromWebsites_percent>
	</result>
</results>