<?xml version="1.0" encoding="utf-8" ?>
<result>
	<website>new name</website>
	<prettyDate>Saturday, March 6, 2010</prettyDate>
	<metadata>
		<category>Actions</category>
		<subcategory>Page titles</subcategory>
		<name>Page titles</name>
		<module>Actions</module>
		<action>getPageTitles</action>
		<dimension>Page Title</dimension>
		<documentation>This report contains information about the titles of the pages that have been visited. &lt;br /&gt; The page title is the HTML &lt;title&gt; Tag that most browsers show in their window title.</documentation>
		<metricsDocumentation>
			<exit_rate>The percentage of visits that left the website after viewing this page.</exit_rate>
		</metricsDocumentation>
		<processedMetrics>
			<exit_rate>Exit rate</exit_rate>
		</processedMetrics>
		<actionToLoadSubTables>getPageTitles</actionToLoadSubTables>
		<relatedReports>
			<row>
				<name>Entry page titles</name>
				<module>Actions</module>
				<action>getEntryPageTitles</action>
			</row>
			<row>
				<name>Exit page titles</name>
				<module>Actions</module>
				<action>getExitPageTitles</action>
			</row>
		</relatedReports>
		<imageGraphUrl>index.php?module=API&amp;method=ImageGraph.get&amp;idSite=1&amp;apiModule=Actions&amp;apiAction=getPageTitles&amp;period=day&amp;date=2010-03-06</imageGraphUrl>
		<imageGraphEvolutionUrl>index.php?module=API&amp;method=ImageGraph.get&amp;idSite=1&amp;apiModule=Actions&amp;apiAction=getPageTitles&amp;period=day&amp;date=2010-02-05,2010-03-06</imageGraphEvolutionUrl>
		<uniqueId>Actions_getPageTitles</uniqueId>
	</metadata>
	<columns>
		<label>Page Title</label>
		<exit_rate>Exit rate</exit_rate>
	</columns>
	<reportData>
		<row>
			<label>Checkout</label>
			<exit_rate>100%</exit_rate>
		</row>
		<row>
			<label> incredible title!</label>
			<exit_rate>0%</exit_rate>
		</row>
		<row>
			<label> Looking at homepage (again)...</label>
			<exit_rate>100%</exit_rate>
		</row>
		<row>
			<label> Second page view - should be registered as URL</label>
			<exit_rate>0%</exit_rate>
		</row>
	</reportData>
	<reportMetadata>
		<row>
			
			<segment>pageTitle=^Checkout</segment>
			<idsubdatatable>2</idsubdatatable>
		</row>
		<row>
			<segment>pageTitle==incredible%2Btitle%2521</segment>
		</row>
		<row>
			<segment>pageTitle==Looking%2Bat%2Bhomepage%2B%2528again%2529...</segment>
		</row>
		<row>
			<segment>pageTitle==Second%2Bpage%2Bview%2B-%2Bshould%2Bbe%2Bregistered%2Bas%2BURL</segment>
		</row>
	</reportMetadata>
	<reportTotal>
		<sum_time_spent>1080</sum_time_spent>
		<sum_time_generation>0.615</sum_time_generation>
		<min_time_generation>0.615</min_time_generation>
		<max_time_generation>0.615</max_time_generation>
		<sum_bandwidth>0</sum_bandwidth>
		<nb_hits_with_bandwidth>0</nb_hits_with_bandwidth>
		<entry_nb_actions>8</entry_nb_actions>
		<entry_sum_visit_length>1622</entry_sum_visit_length>
		<entry_bounce_count>1</entry_bounce_count>
		<exit_nb_visits>2</exit_nb_visits>
		<nb_uniq_visitors>3</nb_uniq_visitors>
		<entry_nb_uniq_visitors>1</entry_nb_uniq_visitors>
		<exit_nb_uniq_visitors>1</exit_nb_uniq_visitors>
	</reportTotal>
</result>